/home/cc/ai2sec/KNighter/llvm-project-llvmorg-18.1.8/clang/lib/Analysis/plugins/SAGenTestHandling/SAGenTestChecker.cpp: In function ‘bool {anonymous}::isKnownNonZeroSVal(clang::ento::SVal, clang::ento::CheckerContext&)’:
/home/cc/ai2sec/KNighter/llvm-project-llvmorg-18.1.8/clang/lib/Analysis/plugins/SAGenTestHandling/SAGenTestChecker.cpp:174:3: error: ‘Optional’ was not declared in this scope; did you mean ‘clang::ObjCImplementationControl::Optional’?
  174 |   Optional<DefinedSVal> DV = V.getAs<DefinedSVal>();
      |   ^~~~~~~~
      |   clang::ObjCImplementationControl::Optional
In file included from /home/cc/ai2sec/KNighter/llvm-project-llvmorg-18.1.8/clang/include/clang/AST/ExprObjC.h:18,
                 from /home/cc/ai2sec/KNighter/llvm-project-llvmorg-18.1.8/clang/include/clang/Analysis/CFG.h:19,
                 from /home/cc/ai2sec/KNighter/llvm-project-llvmorg-18.1.8/clang/include/clang/Analysis/AnalysisDeclContext.h:22,
                 from /home/cc/ai2sec/KNighter/llvm-project-llvmorg-18.1.8/clang/include/clang/Analysis/PathDiagnostic.h:17,
                 from /home/cc/ai2sec/KNighter/llvm-project-llvmorg-18.1.8/clang/include/clang/StaticAnalyzer/Core/BugReporter/BugReporter.h:17,
                 from /home/cc/ai2sec/KNighter/llvm-project-llvmorg-18.1.8/clang/lib/Analysis/plugins/SAGenTestHandling/SAGenTestChecker.cpp:1:
/home/cc/ai2sec/KNighter/llvm-project-llvmorg-18.1.8/clang/include/clang/AST/DeclObjC.h:118:56: note: ‘clang::ObjCImplementationControl::Optional’ declared here
  118 | enum class ObjCImplementationControl { None, Required, Optional };
      |                                                        ^~~~~~~~
/home/cc/ai2sec/KNighter/llvm-project-llvmorg-18.1.8/clang/lib/Analysis/plugins/SAGenTestHandling/SAGenTestChecker.cpp:174:23: error: expected primary-expression before ‘>’ token
  174 |   Optional<DefinedSVal> DV = V.getAs<DefinedSVal>();
      |                       ^
/home/cc/ai2sec/KNighter/llvm-project-llvmorg-18.1.8/clang/lib/Analysis/plugins/SAGenTestHandling/SAGenTestChecker.cpp:174:25: error: ‘DV’ was not declared in this scope; did you mean ‘V’?
  174 |   Optional<DefinedSVal> DV = V.getAs<DefinedSVal>();
      |                         ^~
      |                         V
make[3]: *** [tools/clang/lib/Analysis/plugins/SAGenTestHandling/CMakeFiles/SAGenTestPlugin.dir/build.make:79: tools/clang/lib/Analysis/plugins/SAGenTestHandling/CMakeFiles/SAGenTestPlugin.dir/SAGenTestChecker.cpp.o] Error 1
make[2]: *** [CMakeFiles/Makefile2:35772: tools/clang/lib/Analysis/plugins/SAGenTestHandling/CMakeFiles/SAGenTestPlugin.dir/all] Error 2
make[1]: *** [CMakeFiles/Makefile2:35779: tools/clang/lib/Analysis/plugins/SAGenTestHandling/CMakeFiles/SAGenTestPlugin.dir/rule] Error 2
make: *** [Makefile:7495: SAGenTestPlugin] Error 2
